127.0.0.1 - - [01/Aug/2022:11:07:47 +0530] "GET / HTTP/1.1" 404 751
127.0.0.1 - - [01/Aug/2022:11:16:34 +0530] "GET / HTTP/1.1" 404 751
0:0:0:0:0:0:0:1 - - [01/Aug/2022:11:16:35 +0530] "GET /BikeApp/WEB-INF/classes/com/xworkz/controller/BikeController.java HTTP/1.1" 404 682
0:0:0:0:0:0:0:1 - - [01/Aug/2022:11:16:47 +0530] "GET /BikeApp.bike HTTP/1.1" 404 763
0:0:0:0:0:0:0:1 - - [01/Aug/2022:11:17:09 +0530] "GET /BikeApp.bike HTTP/1.1" 404 763
0:0:0:0:0:0:0:1 - - [01/Aug/2022:11:17:09 +0530] "GET /favicon.ico HTTP/1.1" 404 762
0:0:0:0:0:0:0:1 - - [01/Aug/2022:11:17:40 +0530] "GET /BikeApp/getForm.bike HTTP/1.1" 200 2792
0:0:0:0:0:0:0:1 - - [01/Aug/2022:11:17:42 +0530] "GET /BikeApp/getAllBikes.bike HTTP/1.1" 405 749
0:0:0:0:0:0:0:1 - - [01/Aug/2022:11:18:32 +0530] "GET /BikeApp/searchBike.bike?bikeName=mt-15 HTTP/1.1" 405 749
0:0:0:0:0:0:0:1 - - [01/Aug/2022:11:18:50 +0530] "GET /BikeApp/searchBike.bike?bikeName=mt-15 HTTP/1.1" 405 749
0:0:0:0:0:0:0:1 - - [01/Aug/2022:11:19:17 +0530] "GET /BikeApp/getForm.bike HTTP/1.1" 200 2793
0:0:0:0:0:0:0:1 - - [01/Aug/2022:11:19:21 +0530] "GET /BikeApp/getAllBikes.bike HTTP/1.1" 405 749
127.0.0.1 - - [01/Aug/2022:11:26:55 +0530] "GET / HTTP/1.1" 404 751
0:0:0:0:0:0:0:1 - - [01/Aug/2022:11:26:55 +0530] "GET /BikeApp/WEB-INF/form.jsp HTTP/1.1" 404 682
0:0:0:0:0:0:0:1 - - [01/Aug/2022:11:27:06 +0530] "GET /BikeApp/getForm.bike HTTP/1.1" 200 2751
0:0:0:0:0:0:0:1 - - [01/Aug/2022:11:27:22 +0530] "POST /BikeApp/searchBike.bike HTTP/1.1" 200 2777
127.0.0.1 - - [01/Aug/2022:11:41:28 +0530] "GET / HTTP/1.1" 404 751
0:0:0:0:0:0:0:1 - - [01/Aug/2022:11:41:46 +0530] "POST /BikeApp/searchBike.bike HTTP/1.1" 200 2819
0:0:0:0:0:0:0:1 - - [01/Aug/2022:11:41:51 +0530] "GET /BikeApp/getAllBikes.bike HTTP/1.1" 200 3044
0:0:0:0:0:0:0:1 - - [01/Aug/2022:11:42:26 +0530] "GET /BikeApp/getAllBikes.bike HTTP/1.1" 200 3044
127.0.0.1 - - [01/Aug/2022:11:49:18 +0530] "GET / HTTP/1.1" 404 751
0:0:0:0:0:0:0:1 - - [01/Aug/2022:11:49:23 +0530] "GET /BikeApp/getForm.bike HTTP/1.1" 200 2790
0:0:0:0:0:0:0:1 - - [01/Aug/2022:11:49:28 +0530] "POST /BikeApp/searchBike.bike HTTP/1.1" 200 2815
0:0:0:0:0:0:0:1 - - [01/Aug/2022:11:49:32 +0530] "POST /BikeApp/searchBike.bike HTTP/1.1" 200 2816
127.0.0.1 - - [01/Aug/2022:12:04:02 +0530] "GET / HTTP/1.1" 404 751
0:0:0:0:0:0:0:1 - - [01/Aug/2022:12:04:18 +0530] "GET /BikeApp/getForm.bike HTTP/1.1" 200 2790
0:0:0:0:0:0:0:1 - - [01/Aug/2022:12:04:53 +0530] "GET /BikeApp/getForm.bike HTTP/1.1" 200 2790
0:0:0:0:0:0:0:1 - - [01/Aug/2022:12:05:08 +0530] "GET /BikeApp/getForm.bike HTTP/1.1" 404 753
0:0:0:0:0:0:0:1 - - [01/Aug/2022:12:05:36 +0530] "GET /BikeApp/getForm.bike HTTP/1.1" 404 753
127.0.0.1 - - [01/Aug/2022:12:10:13 +0530] "GET / HTTP/1.1" 404 751
0:0:0:0:0:0:0:1 - - [01/Aug/2022:12:10:19 +0530] "GET /BikeApp/getForm.bike HTTP/1.1" 200 2790
127.0.0.1 - - [01/Aug/2022:12:25:23 +0530] "GET / HTTP/1.1" 404 751
0:0:0:0:0:0:0:1 - - [01/Aug/2022:12:25:52 +0530] "GET /BikeApp/getMailResource.bike HTTP/1.1" 200 436
0:0:0:0:0:0:0:1 - - [01/Aug/2022:12:26:13 +0530] "GET /BikeApp/getMailResource.bike HTTP/1.1" 200 437
0:0:0:0:0:0:0:1 - - [01/Aug/2022:12:26:31 +0530] "GET /BikeApp/getMailResource.bike HTTP/1.1" 200 449
127.0.0.1 - - [01/Aug/2022:12:33:41 +0530] "GET / HTTP/1.1" 404 751
127.0.0.1 - - [01/Aug/2022:12:34:40 +0530] "GET / HTTP/1.1" 404 751
0:0:0:0:0:0:0:1 - - [01/Aug/2022:12:34:47 +0530] "GET /BikeApp/getMailResource.bike HTTP/1.1" 405 749
127.0.0.1 - - [01/Aug/2022:12:35:25 +0530] "GET / HTTP/1.1" 404 751
0:0:0:0:0:0:0:1 - - [01/Aug/2022:12:35:30 +0530] "GET /BikeApp/getMailResource.bike HTTP/1.1" 200 474
0:0:0:0:0:0:0:1 - - [01/Aug/2022:12:36:04 +0530] "POST /BikeApp/readEmailDetails.bike HTTP/1.1" 200 474
127.0.0.1 - - [01/Aug/2022:13:10:10 +0530] "GET / HTTP/1.1" 404 751
0:0:0:0:0:0:0:1 - - [01/Aug/2022:13:10:11 +0530] "GET /BikeApp/WEB-INF/classes/com/xworkz/controller/BikeController.java HTTP/1.1" 404 682
0:0:0:0:0:0:0:1 - - [01/Aug/2022:13:16:33 +0530] "POST /BikeApp/readEmailDetails.bike HTTP/1.1" 500 10513
127.0.0.1 - - [01/Aug/2022:13:19:38 +0530] "GET / HTTP/1.1" 404 751
0:0:0:0:0:0:0:1 - - [01/Aug/2022:13:19:44 +0530] "POST /BikeApp/readEmailDetails.bike HTTP/1.1" 200 474
127.0.0.1 - - [01/Aug/2022:13:22:42 +0530] "GET / HTTP/1.1" 404 751
0:0:0:0:0:0:0:1 - - [01/Aug/2022:13:22:59 +0530] "POST /BikeApp/readEmailDetails.bike HTTP/1.1" 200 474
0:0:0:0:0:0:0:1 - - [01/Aug/2022:13:25:40 +0530] "POST /BikeApp/readEmailDetails.bike HTTP/1.1" 200 474
127.0.0.1 - - [01/Aug/2022:13:31:19 +0530] "GET / HTTP/1.1" 404 751
0:0:0:0:0:0:0:1 - - [01/Aug/2022:13:31:53 +0530] "POST /BikeApp/readEmailDetails.bike HTTP/1.1" 200 474
0:0:0:0:0:0:0:1 - - [01/Aug/2022:13:32:12 +0530] "POST /BikeApp/readEmailDetails.bike HTTP/1.1" 200 474
127.0.0.1 - - [01/Aug/2022:13:35:38 +0530] "GET / HTTP/1.1" 404 751
0:0:0:0:0:0:0:1 - - [01/Aug/2022:13:35:46 +0530] "GET /BikeApp/getMailResource.bike HTTP/1.1" 200 484
0:0:0:0:0:0:0:1 - - [01/Aug/2022:13:36:23 +0530] "POST /BikeApp/readEmailDetails.bike HTTP/1.1" 200 500
0:0:0:0:0:0:0:1 - - [01/Aug/2022:13:36:58 +0530] "POST /BikeApp/readEmailDetails.bike HTTP/1.1" 200 519
0:0:0:0:0:0:0:1 - - [01/Aug/2022:13:37:19 +0530] "POST /BikeApp/readEmailDetails.bike HTTP/1.1" 200 519
127.0.0.1 - - [01/Aug/2022:17:48:37 +0530] "GET / HTTP/1.1" 404 751
0:0:0:0:0:0:0:1 - - [01/Aug/2022:17:48:40 +0530] "GET /BikeApp/WEB-INF/classes/com/xworkz/controller/BikeMailController.java HTTP/1.1" 404 682
0:0:0:0:0:0:0:1 - - [01/Aug/2022:17:48:40 +0530] "GET /favicon.ico HTTP/1.1" 404 762
0:0:0:0:0:0:0:1 - - [01/Aug/2022:17:48:51 +0530] "GET /BikeApp/getForm.bike HTTP/1.1" 200 2790
127.0.0.1 - - [01/Aug/2022:17:50:00 +0530] "GET / HTTP/1.1" 404 751
127.0.0.1 - - [01/Aug/2022:17:50:00 +0530] "GET /BikeApp/getMailResource.bike HTTP/1.1" 200 503
0:0:0:0:0:0:0:1 - - [01/Aug/2022:17:51:07 +0530] "POST /BikeApp/readEmailDetails.bike HTTP/1.1" 200 519
127.0.0.1 - - [01/Aug/2022:19:26:10 +0530] "GET / HTTP/1.1" 404 751
127.0.0.1 - - [01/Aug/2022:19:26:58 +0530] "GET / HTTP/1.1" 404 751
0:0:0:0:0:0:0:1 - - [01/Aug/2022:19:27:31 +0530] "GET /car-app/getWelcomeForm.car HTTP/1.1" 404 682
0:0:0:0:0:0:0:1 - - [01/Aug/2022:19:27:31 +0530] "GET /favicon.ico HTTP/1.1" 404 762
127.0.0.1 - - [01/Aug/2022:19:28:46 +0530] "GET / HTTP/1.1" 404 751
0:0:0:0:0:0:0:1 - - [01/Aug/2022:19:28:46 +0530] "GET /BikeApp/WEB-INF/classes/com/xworkz/controller/BikeMailController.java HTTP/1.1" 404 682
0:0:0:0:0:0:0:1 - - [01/Aug/2022:19:29:20 +0530] "GET /favicon.ico HTTP/1.1" 404 762
0:0:0:0:0:0:0:1 - - [01/Aug/2022:19:29:36 +0530] "GET /favicon.ico HTTP/1.1" 404 762
127.0.0.1 - - [01/Aug/2022:19:35:41 +0530] "GET / HTTP/1.1" 404 751
0:0:0:0:0:0:0:1 - - [01/Aug/2022:19:36:05 +0530] "GET /BikeApp/getMailResource.bike HTTP/1.1" 404 753
127.0.0.1 - - [01/Aug/2022:19:39:31 +0530] "GET / HTTP/1.1" 404 751
0:0:0:0:0:0:0:1 - - [01/Aug/2022:19:39:35 +0530] "GET /BikeApp/getMailResource.bike HTTP/1.1" 404 753
0:0:0:0:0:0:0:1 - - [01/Aug/2022:19:42:25 +0530] "GET /BikeApp/getMailResource.bike HTTP/1.1" 200 503
0:0:0:0:0:0:0:1 - - [01/Aug/2022:19:43:30 +0530] "GET /BikeApp/getMailResource.bike HTTP/1.1" 404 753
127.0.0.1 - - [01/Aug/2022:19:46:26 +0530] "GET / HTTP/1.1" 404 751
127.0.0.1 - - [01/Aug/2022:19:47:52 +0530] "GET / HTTP/1.1" 404 751
0:0:0:0:0:0:0:1 - - [01/Aug/2022:19:47:54 +0530] "GET /BikeApp/getResources.bike HTTP/1.1" 404 753
127.0.0.1 - - [01/Aug/2022:19:51:50 +0530] "GET / HTTP/1.1" 404 751
0:0:0:0:0:0:0:1 - - [01/Aug/2022:19:52:25 +0530] "GET /BikeApp/getResources.bike HTTP/1.1" 404 753
127.0.0.1 - - [01/Aug/2022:19:54:58 +0530] "GET / HTTP/1.1" 404 751
0:0:0:0:0:0:0:1 - - [01/Aug/2022:19:55:16 +0530] "GET /BikeApp/getResources.bike HTTP/1.1" 404 753
0:0:0:0:0:0:0:1 - - [01/Aug/2022:19:58:41 +0530] "GET /BikeApp/getResourcesLinks.bike HTTP/1.1" 404 753
0:0:0:0:0:0:0:1 - - [01/Aug/2022:20:01:01 +0530] "GET /BikeApp/getResourcesLinks.bike HTTP/1.1" 404 753
0:0:0:0:0:0:0:1 - - [01/Aug/2022:20:01:06 +0530] "GET /BikeApp/getResourcesLinks.bike HTTP/1.1" 404 753
127.0.0.1 - - [01/Aug/2022:20:14:15 +0530] "GET / HTTP/1.1" 404 751
0:0:0:0:0:0:0:1 - - [01/Aug/2022:20:14:20 +0530] "GET /BikeApp/getResourcesLinks.bike HTTP/1.1" 404 753
0:0:0:0:0:0:0:1 - - [01/Aug/2022:20:15:52 +0530] "GET /BikeApp/getResourcesLinks.bike HTTP/1.1" 404 768
0:0:0:0:0:0:0:1 - - [01/Aug/2022:20:16:13 +0530] "GET /BikeApp/getResourcesLinks.bike HTTP/1.1" 404 768
127.0.0.1 - - [01/Aug/2022:20:16:50 +0530] "GET / HTTP/1.1" 404 751
0:0:0:0:0:0:0:1 - - [01/Aug/2022:20:16:59 +0530] "GET /BikeApp/getResourcesLinks.bike HTTP/1.1" 404 757
0:0:0:0:0:0:0:1 - - [01/Aug/2022:20:19:12 +0530] "GET /BikeApp/getResourcesLinks.bike HTTP/1.1" 404 788
0:0:0:0:0:0:0:1 - - [01/Aug/2022:20:19:53 +0530] "GET /BikeApp/getResourcesLinks.bike HTTP/1.1" 404 788
0:0:0:0:0:0:0:1 - - [01/Aug/2022:20:21:36 +0530] "GET /BikeApp/getResourcesLinks.bike HTTP/1.1" 404 768
127.0.0.1 - - [01/Aug/2022:20:23:13 +0530] "GET / HTTP/1.1" 404 751
0:0:0:0:0:0:0:1 - - [01/Aug/2022:20:23:24 +0530] "GET /BikeApp/getResourcesLinks.bike HTTP/1.1" 404 752
0:0:0:0:0:0:0:1 - - [01/Aug/2022:20:24:11 +0530] "GET /BikeApp/getResourcesLinks.bike HTTP/1.1" 404 752
0:0:0:0:0:0:0:1 - - [01/Aug/2022:20:24:52 +0530] "GET /BikeApp/getResourcesLinks.bike HTTP/1.1" 404 752
0:0:0:0:0:0:0:1 - - [01/Aug/2022:20:26:38 +0530] "GET /BikeApp/getResourcesLinks.bike HTTP/1.1" 404 752
127.0.0.1 - - [01/Aug/2022:20:31:55 +0530] "GET / HTTP/1.1" 404 751
0:0:0:0:0:0:0:1 - - [01/Aug/2022:20:31:56 +0530] "GET /BikeApp/WEB-INF/classes/com/xworkz/controller/BikeMailController.java HTTP/1.1" 404 682
0:0:0:0:0:0:0:1 - - [01/Aug/2022:20:32:17 +0530] "GET /BikeApp/getMailResource.bike HTTP/1.1" 200 503
0:0:0:0:0:0:0:1 - - [01/Aug/2022:20:32:38 +0530] "GET /BikeApp/getResourcesLinks.bike HTTP/1.1" 404 753
127.0.0.1 - - [01/Aug/2022:20:34:24 +0530] "GET / HTTP/1.1" 404 751
0:0:0:0:0:0:0:1 - - [01/Aug/2022:20:34:28 +0530] "GET /BikeApp/getMailResource.bike HTTP/1.1" 200 503
0:0:0:0:0:0:0:1 - - [01/Aug/2022:20:34:55 +0530] "POST /BikeApp/readEmailDetails.bike HTTP/1.1" 200 519
